
Welcome to the miniSQL monitor.  Type \h for help.


mSQL >     -> 
Query buffer
------------

create table bad_money( v1 money)
[continue]
    -> 
Query OK.  1 row(s) modified or retrieved.




mSQL >     -> 
Query buffer
------------
insert into bad_money values (29.00)
[continue]
    -> 
Query OK.  1 row(s) modified or retrieved.




mSQL > 
Query buffer
------------
insert into bad_money values (29.01)
[continue]
    -> 
Query OK.  1 row(s) modified or retrieved.




mSQL > 
Query buffer
------------
insert into bad_money values (29.03)
[continue]
    -> 
Query OK.  1 row(s) modified or retrieved.




mSQL > 
Query buffer
------------
insert into bad_money values (29.04)
[continue]
    -> 
Query OK.  1 row(s) modified or retrieved.




mSQL > 
Query buffer
------------
insert into bad_money values (29.05)
[continue]
    -> 
Query OK.  1 row(s) modified or retrieved.




mSQL > 
Query buffer
------------
insert into bad_money values (29.06)
[continue]
    -> 
Query OK.  1 row(s) modified or retrieved.




mSQL > 
Query buffer
------------
insert into bad_money values (29.07)
[continue]
    -> 
Query OK.  1 row(s) modified or retrieved.




mSQL > 
Query buffer
------------
insert into bad_money values (29.08)
[continue]
    -> 
Query OK.  1 row(s) modified or retrieved.




mSQL > 
Query buffer
------------
insert into bad_money values (29.09)
[continue]
    -> 
Query OK.  1 row(s) modified or retrieved.




mSQL > 
Query buffer
------------
insert into bad_money values (29.10)
[continue]
    -> 
Query OK.  1 row(s) modified or retrieved.




mSQL > 
Query buffer
------------
insert into bad_money values (29.11)
[continue]
    -> 
Query OK.  1 row(s) modified or retrieved.




mSQL > 
Query buffer
------------
insert into bad_money values (29.97)
[continue]
    -> 
Query OK.  1 row(s) modified or retrieved.




mSQL > 
Query buffer
------------
insert into bad_money values (29.98)
[continue]
    -> 
Query OK.  1 row(s) modified or retrieved.




mSQL > 
Query buffer
------------
insert into bad_money values (29.99)
[continue]
    -> 
Query OK.  1 row(s) modified or retrieved.




mSQL > 
Query buffer
------------
insert into bad_money values (30.00)
[continue]
    -> 
Query OK.  1 row(s) modified or retrieved.




mSQL >     -> 
Query buffer
------------
insert into bad_money values (-30.04)
[continue]
    -> 
Query OK.  1 row(s) modified or retrieved.




mSQL > 
Query buffer
------------
insert into bad_money values (-30.03)
[continue]
    -> 
Query OK.  1 row(s) modified or retrieved.




mSQL > 
Query buffer
------------
insert into bad_money values (-30.02)
[continue]
    -> 
Query OK.  1 row(s) modified or retrieved.




mSQL > 
Query buffer
------------
insert into bad_money values (-30.01)
[continue]
    -> 
Query OK.  1 row(s) modified or retrieved.




mSQL > 
Query buffer
------------
insert into bad_money values (-30.00)
[continue]
    -> 
Query OK.  1 row(s) modified or retrieved.




mSQL > 
Query buffer
------------
insert into bad_money values (-29.99)
[continue]
    -> 
Query OK.  1 row(s) modified or retrieved.




mSQL > 
Query buffer
------------
insert into bad_money values (-29.98)
[continue]
    -> 
Query OK.  1 row(s) modified or retrieved.




mSQL > 
Query buffer
------------
insert into bad_money values (-29.97)
[continue]
    -> 
Query OK.  1 row(s) modified or retrieved.




mSQL > 
Query buffer
------------
insert into bad_money values (-29.96)
[continue]
    -> 
Query OK.  1 row(s) modified or retrieved.




mSQL > 
Query buffer
------------
insert into bad_money values (-29.95)
[continue]
    -> 
Query OK.  1 row(s) modified or retrieved.




mSQL > 
Query buffer
------------
insert into bad_money values (-29.94)
[continue]
    -> 
Query OK.  1 row(s) modified or retrieved.




mSQL > 
Query buffer
------------
insert into bad_money values (-29.93)
[continue]
    -> 
Query OK.  1 row(s) modified or retrieved.




mSQL > 
Query buffer
------------
insert into bad_money values (-29.92)
[continue]
    -> 
Query OK.  1 row(s) modified or retrieved.




mSQL > 
Query buffer
------------
insert into bad_money values (-29.91)
[continue]
    -> 
Query OK.  1 row(s) modified or retrieved.




mSQL >     -> 
Query buffer
------------
select * from bad_money order by v1 
[continue]
    -> 
Query OK.  29 row(s) modified or retrieved.

 +----------+
 | v1       |
 +----------+
 | -30.04   |
 | -30.03   |
 | -30.02   |
 | -30.01   |
 | -30.00   |
 | -29.99   |
 | -29.98   |
 | -29.97   |
 | -29.96   |
 | -29.95   |
 | -29.94   |
 | -29.93   |
 | -29.92   |
 | -29.91   |
 | 29.00    |
 | 29.01    |
 | 29.03    |
 | 29.04    |
 | 29.05    |
 | 29.06    |
 | 29.07    |
 | 29.08    |
 | 29.09    |
 | 29.10    |
 | 29.11    |
 | 29.97    |
 | 29.98    |
 | 29.99    |
 | 30.00    |
 +----------+



mSQL > 
Bye!

