
Welcome to the miniSQL monitor.  Type \h for help.


mSQL >     -> 
Query buffer
------------

create table millitime(v1 millitime)
[continue]
    -> 
Query OK.  1 row(s) modified or retrieved.




mSQL > 
Query buffer
------------
create index idx1 on millitime(v1)
[continue]
    -> 
Query OK.  1 row(s) modified or retrieved.




mSQL >     -> 
Query buffer
------------
INSERT INTO millitime  VALUES ('5:30:20.123')
[continue]
    -> 
Query OK.  1 row(s) modified or retrieved.




mSQL > 
Query buffer
------------
INSERT INTO millitime  VALUES ('2:17:18.654')
[continue]
    -> 
Query OK.  1 row(s) modified or retrieved.




mSQL > 
Query buffer
------------
INSERT INTO millitime  VALUES ('17:16:15.140')
[continue]
    -> 
Query OK.  1 row(s) modified or retrieved.




mSQL > 
Query buffer
------------
INSERT INTO millitime  VALUES ('23:59:59.999')
[continue]
    -> 
Query OK.  1 row(s) modified or retrieved.




mSQL > 
Query buffer
------------
INSERT INTO millitime  VALUES ('0:00:00.001')
[continue]
    -> 
Query OK.  1 row(s) modified or retrieved.




mSQL > 
Query buffer
------------
INSERT INTO millitime  VALUES ('10:10:10')
[continue]
    -> 
Query OK.  1 row(s) modified or retrieved.




mSQL > 
Query buffer
------------
INSERT INTO millitime  VALUES ('23:61:00.000')
[continue]
    -> 

ERROR : Invalid mill-time format


mSQL >     -> 
Query buffer
------------
select * from millitime order by v1
[continue]
    -> 
Query OK.  6 row(s) modified or retrieved.

 +---------------+
 | v1            |
 +---------------+
 | 00:00:00.001  |
 | 02:17:18.654  |
 | 05:30:20.123  |
 | 10:10:10.000  |
 | 17:16:15.140  |
 | 23:59:59.999  |
 +---------------+



mSQL > 
Query buffer
------------
select * from millitime where v1 = '17:16:15.140'
[continue]
    -> 
Query OK.  1 row(s) modified or retrieved.

 +---------------+
 | v1            |
 +---------------+
 | 17:16:15.140  |
 +---------------+



mSQL > 
Query buffer
------------
select * from millitime where v1 = '10:10:10'
[continue]
    -> 
Query OK.  1 row(s) modified or retrieved.

 +---------------+
 | v1            |
 +---------------+
 | 10:10:10.000  |
 +---------------+



mSQL > 
Query buffer
------------
select * from millitime where v1 between '5:00:00.000' and '20:00:00.000'
[continue]
    -> 
Query OK.  3 row(s) modified or retrieved.

 +---------------+
 | v1            |
 +---------------+
 | 05:30:20.123  |
 | 10:10:10.000  |
 | 17:16:15.140  |
 +---------------+



mSQL > 
Bye!

